#-----------------------------------------------------------
# Vivado v2024.2 (64-bit)
# SW Build 5239630 on Fri Nov 08 22:34:34 MST 2024
# IP Build 5239520 on Sun Nov 10 16:12:51 MST 2024
# SharedData Build 5239561 on Fri Nov 08 14:39:27 MST 2024
# Start of session at: Tue Jun  9 09:59:19 2026
# Process ID         : 4090
# Current directory  : /home/elodin
# Command line       : vivado
# Log file           : /home/elodin/vivado.log
# Journal file       : /home/elodin/vivado.jou
# Running On         : localhost.localdomain
# Platform           : unknown
# Operating System   : unknown
# Processor Detail   : AMD Ryzen 7 5700U with Radeon Graphics
# CPU Frequency      : 2052.627 MHz
# CPU Physical cores : 8
# CPU Logical cores  : 16
# Host memory        : 15837 MB
# Swap memory        : 8120 MB
# Total Virtual      : 23957 MB
# Available Virtual  : 20942 MB
#-----------------------------------------------------------
start_gui
open_project /home/elodin/Processador_16bit/Processador_16bit.xpr
update_compile_order -fileset sources_1
launch_simulation
source tb_processador_top.tcl
close_sim
launch_simulation
source tb_processador_top.tcl
relaunch_sim
relaunch_sim
relaunch_sim
relaunch_sim
relaunch_sim
relaunch_sim
relaunch_sim
close_sim
synth_design -top tb_ir -part xc7z010clg400-1 -lint 
launch_simulation
source tb_processador_top.tcl
relaunch_sim
close_sim
launch_simulation
source tb_processador_top.tcl
relaunch_sim
relaunch_sim
relaunch_sim
relaunch_sim
relaunch_sim
relaunch_sim
save_wave_config {/home/elodin/Processador_16bit/tb_processador_top_behav.wcfg}
add_files -fileset sim_1 -norecurse /home/elodin/Processador_16bit/tb_processador_top_behav.wcfg
set_property xsim.view {/home/elodin/Processador_16bit/tb_pc_behav.wcfg /home/elodin/Processador_16bit/tb_register_file_behav.wcfg /home/elodin/Processador_16bit/tb_ula_behav.wcfg /home/elodin/Processador_16bit/tb_processador_top_behav.wcfg} [get_filesets sim_1]
close_sim
archive_project /home/elodin/Processador_16bit.xpr.zip -force -include_local_ip_cache
