#-----------------------------------------------------------
# Vivado v2024.2 (64-bit)
# SW Build 5239630 on Fri Nov 08 22:35:27 MST 2024
# IP Build 5239520 on Sun Nov 10 16:12:51 MST 2024
# SharedData Build 5239561 on Fri Nov 08 14:39:27 MST 2024
# Start of session at: Mon Jun 15 16:21:47 2026
# Process ID         : 4292
# Current directory  : C:/Users/Matheus/Documents/Faculdade/Sistemas digitais para computadores/Processador_16bit_Zybo/TESTE_DA_ZYBO/TESTE_DA_ZYBO
# Command line       : vivado.exe -mode batch -source program.tcl
# Log file           : C:/Users/Matheus/Documents/Faculdade/Sistemas digitais para computadores/Processador_16bit_Zybo/TESTE_DA_ZYBO/TESTE_DA_ZYBO/vivado.log
# Journal file       : C:/Users/Matheus/Documents/Faculdade/Sistemas digitais para computadores/Processador_16bit_Zybo/TESTE_DA_ZYBO/TESTE_DA_ZYBO\vivado.jou
# Running On         : Suporte
# Platform           : Windows Server 2016 or Windows 10
# Operating System   : 26200
# Processor Detail   : Intel(R) Core(TM) i7-10510U CPU @ 1.80GHz
# CPU Frequency      : 2304 MHz
# CPU Physical cores : 4
# CPU Logical cores  : 8
# Host memory        : 16953 MB
# Swap memory        : 7855 MB
# Total Virtual      : 24808 MB
# Available Virtual  : 2718 MB
#-----------------------------------------------------------
source program.tcl
